// Jest Snapshot v1, https://goo.gl/fbAQLP

exports[`HeadProvider adds HeadTags to given array from component tree 1`] = `
Array [
  <style
    another="value1"
    data-rh=""
    name="name1"
  />,
  <style
    data-rh=""
    test="test2"
    third="value2"
  />,
]
`;
