// Jest Snapshot v1, https://goo.gl/fbAQLP

exports[`renders nothing and adds tags to headTags context array 1`] = `"<div>Yes render</div>"`;

exports[`renders nothing and adds tags to headTags context array 2`] = `
Array [
  <title
    data-rh=""
  >
    Title
  </title>,
  <style
    data-rh=""
  >
    body {}
  </style>,
  <link
    data-rh=""
    href="index.css"
  />,
  <meta
    charSet="utf-8"
    data-rh=""
  />,
]
`;

exports[`renders nothing and adds tags to headTags context array setting \`data-rh\` to \`null\` on title 1`] = `"<div>Yes render</div>"`;

exports[`renders nothing and adds tags to headTags context array setting \`data-rh\` to \`null\` on title 2`] = `
Array [
  <title
    data-rh={null}
  >
    Title
  </title>,
  <style
    data-rh=""
  >
    body {}
  </style>,
  <link
    data-rh=""
    href="index.css"
  />,
  <meta
    charSet="utf-8"
    data-rh=""
  />,
]
`;

exports[`renders only last meta with the same property 1`] = `
Array [
  <meta
    data-rh=""
    property="name1"
  >
    Meta 2
  </meta>,
  <meta
    data-rh=""
    name="name2"
  >
    Meta 4
  </meta>,
  <meta
    data-rh=""
    property="name3"
  >
    Meta 6
  </meta>,
]
`;

exports[`renders only the last meta with the same name 1`] = `
Array [
  <meta
    data-rh=""
  >
    Meta 2
  </meta>,
  <meta
    data-rh=""
    name="1"
  >
    Meta 3
  </meta>,
  <meta
    data-rh=""
    name="3"
  >
    Meta 5
  </meta>,
  <meta
    data-rh=""
    name="2"
  >
    Meta 6
  </meta>,
]
`;

exports[`renders only the last title 1`] = `
Array [
  <title
    data-rh=""
  >
    Title 3
  </title>,
]
`;
